2026-06-09 21:43:36,657 [INFO] === ETAPA 1 — Setup do banco Zika SINAN ===
2026-06-09 21:43:36,684 [ERROR] Falha ao conectar ao banco: connection to server at "localhost" (::1), port 5432 failed: FATAL:  password authentication failed for user "postgres"
connection to server at "localhost" (::1), port 5432 failed: FATAL:  password authentication failed for user "postgres"

2026-06-09 21:43:36,684 [ERROR] Verifique as credenciais no arquivo .env e se o PostgreSQL está rodando.
2026-06-09 21:45:30,905 [INFO] === ETAPA 1 — Setup do banco Zika SINAN ===
2026-06-09 21:45:30,921 [ERROR] Falha ao conectar ao banco: connection to server at "localhost" (::1), port 5432 failed: FATAL:  database "zlocal" does not exist

2026-06-09 21:45:30,921 [ERROR] Verifique as credenciais no arquivo .env e se o PostgreSQL está rodando.
2026-06-09 21:46:17,040 [INFO] === ETAPA 1 — Setup do banco Zika SINAN ===
2026-06-09 21:46:17,056 [ERROR] Falha ao conectar ao banco: connection to server at "localhost" (::1), port 5432 failed: FATAL:  database "local" does not exist

2026-06-09 21:46:17,056 [ERROR] Verifique as credenciais no arquivo .env e se o PostgreSQL está rodando.
2026-06-09 21:46:52,915 [INFO] === ETAPA 1 — Setup do banco Zika SINAN ===
2026-06-09 21:46:52,931 [ERROR] Falha ao conectar ao banco: connection to server at "localhost" (::1), port 5432 failed: FATAL:  database "projeto(1)" does not exist

2026-06-09 21:46:52,931 [ERROR] Verifique as credenciais no arquivo .env e se o PostgreSQL está rodando.
2026-06-09 21:47:02,168 [INFO] === ETAPA 1 — Setup do banco Zika SINAN ===
2026-06-09 21:47:02,183 [ERROR] Falha ao conectar ao banco: connection to server at "localhost" (::1), port 5432 failed: FATAL:  database "projeto" does not exist

2026-06-09 21:47:02,184 [ERROR] Verifique as credenciais no arquivo .env e se o PostgreSQL está rodando.
2026-06-09 21:47:23,821 [INFO] === ETAPA 1 — Setup do banco Zika SINAN ===
2026-06-09 21:47:23,837 [ERROR] Falha ao conectar ao banco: connection to server at "localhost" (::1), port 5432 failed: FATAL:  database "projeto" does not exist

2026-06-09 21:47:23,837 [ERROR] Verifique as credenciais no arquivo .env e se o PostgreSQL está rodando.
2026-06-09 21:59:46,823 [INFO] === ETAPA 1 — Setup do banco Zika SINAN ===
2026-06-09 21:59:46,838 [ERROR] Falha ao conectar ao banco: connection to server at "localhost" (::1), port 5432 failed: FATAL:  database "projeto" does not exist

2026-06-09 21:59:46,838 [ERROR] Verifique as credenciais no arquivo .env e se o PostgreSQL está rodando.
2026-06-09 22:01:56,519 [INFO] === ETAPA 1 — Setup do banco Zika SINAN ===
2026-06-09 22:01:56,537 [ERROR] Falha ao conectar ao banco: connection to server at "localhost" (::1), port 5432 failed: FATAL:  database "projeto" does not exist

2026-06-09 22:01:56,537 [ERROR] Verifique as credenciais no arquivo .env e se o PostgreSQL está rodando.
2026-06-09 22:02:57,700 [INFO] === ETAPA 1 — Setup do banco Zika SINAN ===
2026-06-09 22:02:57,715 [ERROR] Falha ao conectar ao banco: connection to server at "127.0.0.1", port 5432 failed: FATAL:  database "local" does not exist

2026-06-09 22:02:57,715 [ERROR] Verifique as credenciais no arquivo .env e se o PostgreSQL está rodando.
2026-06-09 22:04:03,164 [INFO] === ETAPA 1 — Setup do banco Zika SINAN ===
2026-06-09 22:04:03,180 [ERROR] Falha ao conectar ao banco: connection to server at "127.0.0.1", port 5432 failed: FATAL:  database "local" does not exist

2026-06-09 22:04:03,180 [ERROR] Verifique as credenciais no arquivo .env e se o PostgreSQL está rodando.
2026-06-10 00:04:04,182 [INFO] === ETAPA 1 — Setup do banco Zika SINAN ===
2026-06-10 00:04:04,198 [ERROR] Falha ao conectar ao banco: connection to server at "127.0.0.1", port 5432 failed: FATAL:  database "local" does not exist

2026-06-10 00:04:04,199 [ERROR] Verifique as credenciais no arquivo .env e se o PostgreSQL está rodando.
2026-06-10 00:07:02,572 [INFO] === ETAPA 1 — Setup do banco Zika SINAN ===
2026-06-10 00:07:02,588 [ERROR] Falha ao conectar ao banco: connection to server at "127.0.0.1", port 5432 failed: FATAL:  database "local" does not exist

2026-06-10 00:07:02,588 [ERROR] Verifique as credenciais no arquivo .env e se o PostgreSQL está rodando.
2026-06-10 00:07:52,082 [INFO] === ETAPA 1 — Setup do banco Zika SINAN ===
2026-06-10 00:07:52,100 [INFO] Conexão estabelecida.
2026-06-10 00:07:52,100 [INFO] Executando schema.sql...
2026-06-10 00:07:52,122 [INFO] schema.sql concluído.
2026-06-10 00:07:52,122 [ERROR] CSV não encontrado: /home/andre/Downloads/zika_projeto/data/ZIKA_BR_2018_2026_UNIFICADO.csv
2026-06-10 00:07:52,122 [ERROR] Coloque o arquivo em: data/ZIKA_BR_2018_2026_UNIFICADO.csv
2026-06-10 00:11:34,540 [INFO] === ETAPA 1 — Setup do banco Zika SINAN ===
2026-06-10 00:11:34,559 [INFO] Conexão estabelecida.
2026-06-10 00:11:34,559 [INFO] Executando schema.sql...
2026-06-10 00:11:34,562 [INFO] schema.sql concluído.
2026-06-10 00:11:34,562 [ERROR] CSV não encontrado: /home/andre/Downloads/zika_projeto/data/ZIKA_BR_2018_2026_UNIFICADO.csv
2026-06-10 00:11:34,562 [ERROR] Coloque o arquivo em: data/ZIKA_BR_2018_2026_UNIFICADO.csv
2026-06-10 00:13:40,395 [INFO] === ETAPA 1 — Setup do banco Zika SINAN ===
2026-06-10 00:13:40,411 [INFO] Conexão estabelecida.
2026-06-10 00:13:40,411 [INFO] Executando schema.sql...
2026-06-10 00:13:40,415 [INFO] schema.sql concluído.
2026-06-10 00:13:40,415 [INFO] Lendo CSV (ZIKA_BR_2018_2026_UNIFICADO.csv)...
2026-06-10 00:13:41,865 [INFO] Total de registros no CSV: 236,398
2026-06-10 00:13:49,158 [INFO] Carregando em lotes de 5,000...
2026-06-10 00:13:56,363 [ERROR] Erro no lote: smallint out of range

2026-06-10 00:14:03,556 [ERROR] Erro no lote: smallint out of range

2026-06-10 00:14:10,937 [ERROR] Erro no lote: smallint out of range

2026-06-10 00:14:18,550 [ERROR] Erro no lote: smallint out of range

2026-06-10 00:14:26,779 [ERROR] Erro no lote: smallint out of range

2026-06-10 00:14:36,497 [ERROR] Erro no lote: smallint out of range

2026-06-10 00:14:46,501 [ERROR] Erro no lote: smallint out of range

2026-06-10 00:14:57,130 [ERROR] Erro no lote: smallint out of range

2026-06-10 00:15:07,240 [ERROR] Erro no lote: smallint out of range

2026-06-10 00:15:15,285 [ERROR] Erro no lote: smallint out of range

2026-06-10 00:15:25,112 [ERROR] Erro no lote: smallint out of range

2026-06-10 00:15:37,111 [ERROR] Erro no lote: smallint out of range

2026-06-10 00:15:46,900 [ERROR] Erro no lote: smallint out of range

2026-06-10 00:15:58,865 [ERROR] Erro no lote: smallint out of range

2026-06-10 00:16:09,755 [ERROR] Erro no lote: smallint out of range

2026-06-10 00:21:34,909 [INFO] === ETAPA 1 — Setup do banco Zika SINAN ===
2026-06-10 00:21:34,925 [INFO] Conexão estabelecida.
2026-06-10 00:21:34,925 [INFO] Executando schema.sql...
2026-06-10 00:21:34,928 [INFO] schema.sql concluído.
2026-06-10 00:21:34,928 [INFO] Lendo CSV (ZIKA_BR_2018_2026_UNIFICADO.csv)...
2026-06-10 00:21:36,360 [INFO] Total de registros no CSV: 236,398
2026-06-10 00:21:43,878 [INFO] Carregando em lotes de 5,000...
2026-06-10 00:21:51,245 [ERROR] Erro no lote: smallint out of range

2026-06-10 00:21:58,745 [ERROR] Erro no lote: smallint out of range

2026-06-10 00:22:06,282 [ERROR] Erro no lote: smallint out of range

2026-06-10 00:22:13,927 [ERROR] Erro no lote: smallint out of range

2026-06-10 00:22:21,595 [ERROR] Erro no lote: smallint out of range

2026-06-10 00:22:29,360 [ERROR] Erro no lote: smallint out of range

2026-06-10 00:24:55,565 [INFO] === ETAPA 1 — Setup do banco Zika SINAN ===
2026-06-10 00:24:55,581 [INFO] Conexão estabelecida.
2026-06-10 00:24:55,581 [INFO] Executando schema.sql...
2026-06-10 00:24:55,587 [INFO] schema.sql concluído.
2026-06-10 00:24:55,587 [INFO] Lendo CSV (ZIKA_BR_2018_2026_UNIFICADO.csv)...
2026-06-10 00:24:56,976 [INFO] Total de registros no CSV: 236,398
2026-06-10 00:25:04,280 [INFO] Carregando em lotes de 5,000...
2026-06-10 00:25:11,762 [ERROR] Erro no lote: smallint out of range

2026-06-10 00:25:19,441 [ERROR] Erro no lote: smallint out of range

2026-06-10 00:25:27,080 [ERROR] Erro no lote: smallint out of range

2026-06-10 00:25:34,945 [ERROR] Erro no lote: smallint out of range

2026-06-10 00:25:42,855 [ERROR] Erro no lote: smallint out of range

2026-06-10 00:25:50,723 [ERROR] Erro no lote: smallint out of range

2026-06-10 00:25:58,491 [ERROR] Erro no lote: smallint out of range

2026-06-10 00:26:06,138 [ERROR] Erro no lote: smallint out of range

2026-06-10 00:26:13,958 [ERROR] Erro no lote: smallint out of range

2026-06-10 00:26:21,572 [ERROR] Erro no lote: smallint out of range

2026-06-10 00:26:30,832 [ERROR] Erro no lote: smallint out of range

2026-06-10 00:26:40,375 [ERROR] Erro no lote: smallint out of range

2026-06-10 00:26:49,853 [ERROR] Erro no lote: smallint out of range

2026-06-10 00:26:59,442 [ERROR] Erro no lote: smallint out of range

2026-06-10 00:27:09,054 [ERROR] Erro no lote: smallint out of range

2026-06-10 00:27:18,851 [ERROR] Erro no lote: smallint out of range

2026-06-10 00:27:29,531 [ERROR] Erro no lote: smallint out of range

2026-06-10 00:29:01,633 [INFO] === ETAPA 1 — Setup do banco Zika SINAN ===
2026-06-10 00:29:01,650 [INFO] Conexão estabelecida.
2026-06-10 00:29:01,650 [INFO] Executando schema.sql...
2026-06-10 00:29:01,664 [INFO] schema.sql concluído.
2026-06-10 00:29:01,664 [INFO] Lendo CSV (ZIKA_BR_2018_2026_UNIFICADO.csv)...
2026-06-10 00:29:03,087 [INFO] Total de registros no CSV: 236,398
2026-06-10 00:29:10,564 [INFO] Carregando em lotes de 5,000...
2026-06-10 00:29:18,373 [ERROR] Erro no lote: smallint out of range

2026-06-10 00:29:28,630 [ERROR] Erro no lote: smallint out of range

2026-06-10 00:29:38,274 [ERROR] Erro no lote: smallint out of range

2026-06-10 00:29:46,870 [ERROR] Erro no lote: smallint out of range

2026-06-10 00:30:54,771 [INFO] === ETAPA 1 — Setup do banco Zika SINAN ===
2026-06-10 00:30:54,787 [INFO] Conexão estabelecida.
2026-06-10 00:30:54,787 [INFO] Executando schema.sql...
2026-06-10 00:30:54,803 [INFO] schema.sql concluído.
2026-06-10 00:30:54,803 [INFO] Lendo CSV (ZIKA_BR_2018_2026_UNIFICADO.csv)...
2026-06-10 00:30:56,277 [INFO] Total de registros no CSV: 236,398
2026-06-10 00:31:03,766 [INFO] Carregando em lotes de 5,000...
2026-06-10 00:31:11,563 [ERROR] Erro no lote: smallint out of range

2026-06-10 00:31:19,786 [ERROR] Erro no lote: smallint out of range

2026-06-10 00:31:28,112 [ERROR] Erro no lote: smallint out of range

2026-06-10 00:31:36,390 [ERROR] Erro no lote: smallint out of range

2026-06-10 00:31:44,531 [ERROR] Erro no lote: smallint out of range

2026-06-10 00:31:52,796 [ERROR] Erro no lote: smallint out of range

2026-06-10 00:32:02,083 [ERROR] Erro no lote: smallint out of range

2026-06-10 00:32:10,496 [ERROR] Erro no lote: smallint out of range

2026-06-10 00:32:18,279 [ERROR] Erro no lote: smallint out of range

2026-06-10 00:32:25,986 [ERROR] Erro no lote: smallint out of range

2026-06-10 00:32:35,632 [ERROR] Erro no lote: smallint out of range

2026-06-10 00:32:45,344 [ERROR] Erro no lote: smallint out of range

2026-06-10 00:32:54,923 [ERROR] Erro no lote: smallint out of range

2026-06-10 00:33:04,819 [ERROR] Erro no lote: smallint out of range

2026-06-10 00:33:14,844 [ERROR] Erro no lote: smallint out of range

2026-06-10 00:33:24,956 [ERROR] Erro no lote: smallint out of range

2026-06-10 00:33:34,864 [ERROR] Erro no lote: smallint out of range

2026-06-10 00:33:44,830 [ERROR] Erro no lote: smallint out of range

2026-06-10 00:33:54,986 [ERROR] Erro no lote: smallint out of range

2026-06-10 00:34:05,055 [ERROR] Erro no lote: smallint out of range

2026-06-10 00:34:14,978 [ERROR] Erro no lote: smallint out of range

2026-06-10 00:34:25,071 [ERROR] Erro no lote: smallint out of range

2026-06-10 00:34:35,030 [ERROR] Erro no lote: smallint out of range

2026-06-10 00:34:45,015 [ERROR] Erro no lote: smallint out of range

2026-06-10 00:34:54,908 [ERROR] Erro no lote: smallint out of range

2026-06-10 00:35:05,098 [ERROR] Erro no lote: smallint out of range

2026-06-10 00:35:15,438 [ERROR] Erro no lote: smallint out of range

2026-06-10 00:35:25,529 [ERROR] Erro no lote: smallint out of range

2026-06-10 00:37:58,622 [INFO] === ETAPA 1 — Setup do banco Zika SINAN ===
2026-06-10 00:37:58,638 [INFO] Conexão estabelecida.
2026-06-10 00:37:58,639 [INFO] Executando schema.sql...
2026-06-10 00:37:58,654 [INFO] schema.sql concluído.
2026-06-10 00:37:58,655 [INFO] Lendo CSV (ZIKA_BR_2018_2026_UNIFICADO.csv)...
2026-06-10 00:38:00,166 [INFO] Total de registros no CSV: 236,398
2026-06-10 00:38:07,442 [INFO] Carregando em lotes de 5,000...
2026-06-10 00:38:14,897 [ERROR] Erro no lote: smallint out of range

2026-06-10 00:38:22,536 [ERROR] Erro no lote: smallint out of range

2026-06-10 00:38:30,262 [ERROR] Erro no lote: smallint out of range

2026-06-10 00:38:38,012 [ERROR] Erro no lote: smallint out of range

2026-06-10 00:38:45,934 [ERROR] Erro no lote: smallint out of range

2026-06-10 00:38:53,749 [ERROR] Erro no lote: smallint out of range

2026-06-10 00:39:01,629 [ERROR] Erro no lote: smallint out of range

2026-06-10 00:39:09,817 [ERROR] Erro no lote: smallint out of range

2026-06-10 00:39:18,285 [ERROR] Erro no lote: smallint out of range

2026-06-10 00:39:27,663 [ERROR] Erro no lote: smallint out of range

2026-06-10 00:39:38,198 [ERROR] Erro no lote: smallint out of range

2026-06-10 00:39:48,626 [ERROR] Erro no lote: smallint out of range

2026-06-10 00:39:58,883 [ERROR] Erro no lote: smallint out of range

2026-06-10 00:40:09,588 [ERROR] Erro no lote: smallint out of range

2026-06-10 00:40:19,815 [ERROR] Erro no lote: smallint out of range

2026-06-10 00:40:31,843 [ERROR] Erro no lote: smallint out of range

2026-06-10 00:40:42,508 [ERROR] Erro no lote: smallint out of range

2026-06-10 00:40:53,085 [ERROR] Erro no lote: smallint out of range

2026-06-10 00:41:05,607 [ERROR] Erro no lote: smallint out of range

2026-06-10 00:42:02,635 [INFO] === ETAPA 1 — Setup do banco Zika SINAN ===
2026-06-10 00:42:02,652 [INFO] Conexão estabelecida.
2026-06-10 00:42:02,652 [INFO] Executando schema.sql...
2026-06-10 00:42:02,668 [INFO] schema.sql concluído.
2026-06-10 00:42:02,668 [INFO] Lendo CSV (ZIKA_BR_2018_2026_UNIFICADO.csv)...
2026-06-10 00:42:04,099 [INFO] Total de registros no CSV: 236,398
2026-06-10 00:42:11,665 [INFO] Carregando em lotes de 5,000...
2026-06-10 00:42:19,330 [ERROR] Erro no lote: smallint out of range

2026-06-10 00:42:27,156 [ERROR] Erro no lote: smallint out of range

2026-06-10 00:42:35,105 [ERROR] Erro no lote: smallint out of range

2026-06-10 00:42:43,214 [ERROR] Erro no lote: smallint out of range

2026-06-10 00:42:51,859 [ERROR] Erro no lote: smallint out of range

2026-06-10 00:43:00,075 [ERROR] Erro no lote: smallint out of range

2026-06-10 00:43:08,380 [ERROR] Erro no lote: smallint out of range

2026-06-10 00:43:17,524 [ERROR] Erro no lote: smallint out of range

2026-06-10 00:43:26,720 [ERROR] Erro no lote: smallint out of range

2026-06-10 00:48:17,218 [INFO] === ETAPA 1 — Setup do banco Zika SINAN ===
2026-06-10 00:48:17,236 [INFO] Conexão estabelecida.
2026-06-10 00:48:17,236 [INFO] Executando schema.sql...
2026-06-10 00:48:17,259 [INFO] schema.sql concluído.
2026-06-10 00:48:17,259 [INFO] Lendo CSV (ZIKA_BR_2018_2026_UNIFICADO.csv)...
2026-06-10 00:48:18,738 [INFO] Total de registros no CSV: 236,398
2026-06-10 00:48:26,158 [INFO] Carregando em lotes de 5,000...
2026-06-10 00:48:34,009 [ERROR] Erro no lote: smallint out of range

2026-06-10 00:48:41,720 [ERROR] Erro no lote: smallint out of range

2026-06-10 00:48:49,879 [ERROR] Erro no lote: smallint out of range

2026-06-10 00:48:58,407 [ERROR] Erro no lote: smallint out of range

2026-06-10 00:49:06,943 [ERROR] Erro no lote: smallint out of range

2026-06-10 00:49:15,243 [ERROR] Erro no lote: smallint out of range

2026-06-10 00:49:23,775 [ERROR] Erro no lote: smallint out of range

2026-06-10 00:49:34,471 [ERROR] Erro no lote: smallint out of range

2026-06-10 00:49:43,890 [ERROR] Erro no lote: smallint out of range

2026-06-10 00:49:54,168 [ERROR] Erro no lote: smallint out of range

2026-06-10 00:50:06,366 [ERROR] Erro no lote: smallint out of range

2026-06-10 00:50:19,353 [ERROR] Erro no lote: smallint out of range

2026-06-10 00:50:29,953 [ERROR] Erro no lote: smallint out of range

2026-06-10 00:50:41,373 [ERROR] Erro no lote: smallint out of range

2026-06-10 00:50:51,204 [ERROR] Erro no lote: smallint out of range

2026-06-10 00:51:01,319 [ERROR] Erro no lote: smallint out of range

2026-06-10 00:51:11,226 [ERROR] Erro no lote: smallint out of range

2026-06-10 00:51:21,157 [ERROR] Erro no lote: smallint out of range

2026-06-10 00:53:00,399 [INFO] === ETAPA 1 — Setup do banco Zika SINAN ===
2026-06-10 00:53:00,418 [INFO] Conexão estabelecida.
2026-06-10 00:53:00,418 [INFO] Executando schema.sql...
2026-06-10 00:53:00,445 [INFO] schema.sql concluído.
2026-06-10 00:53:00,446 [INFO] Lendo CSV (ZIKA_BR_2018_2026_UNIFICADO.csv)...
2026-06-10 00:53:01,957 [INFO] Total de registros no CSV: 236,398
2026-06-10 00:53:09,528 [INFO] Carregando em lotes de 5,000...
2026-06-10 00:53:17,367 [ERROR] Erro no lote: new row for relation "notificacao" violates check constraint "ck_sem_not"
DETAIL:  Failing row contains (1766, ZIKABR18.dbc, 2018, 2, A928, 2018-01-31, 1805, 2018, 2018-01-25, 1804, 33, 330455, null, 4040, M, 6, 9, null, null, null, 33, 330455, null, 1, 1, 33, 1, 330455, 1, 2, 1, null, 2018-01-31, 2018-02-16, null, null, null, 2, 0, 2, 1, null, null).

2026-06-10 00:53:41,693 [ERROR] Erro no lote: new row for relation "notificacao" violates check constraint "ck_sem_not"
DETAIL:  Failing row contains (13103, ZIKABR18.dbc, 2018, 2, A928, 2018-09-05, 1836, 2018, 2018-09-04, 1836, 31, 313130, 1468, 4021, F, 2, 1, 9, null, null, 31, 313130, 1468, 1, null, null, 0, null, 2, 1, 1, null, 2018-09-05, 2018-09-21, null, null, null, null, 0, 2, 1, null, null).

2026-06-10 01:01:17,972 [INFO] ==================================================
2026-06-10 01:01:17,972 [INFO] Carga concluída!
2026-06-10 01:01:17,972 [INFO]   Inseridos : 226,398
2026-06-10 01:01:17,972 [INFO]   Erros     : 10,000
2026-06-10 01:01:17,972 [INFO]   Total CSV : 236,398
2026-06-10 01:01:17,972 [INFO] ==================================================
2026-06-10 01:01:18,065 [INFO] Executando indices.sql...
2026-06-10 01:01:19,078 [INFO] indices.sql concluído.
2026-06-10 01:01:19,078 [INFO] Verificando carga...
2026-06-10 01:01:19,153 [INFO] Total na tabela   : 226,398
2026-06-10 01:01:19,153 [INFO] Casos confirmados : 26,237
2026-06-10 01:01:19,153 [INFO] Confirmados por ano:
2026-06-10 01:01:19,153 [INFO]   2018: 2,308
2026-06-10 01:01:19,154 [INFO]   2019: 4,307
2026-06-10 01:01:19,154 [INFO]   2020: 3,382
2026-06-10 01:01:19,154 [INFO]   2021: 4,498
2026-06-10 01:01:19,154 [INFO]   2022: 3,526
2026-06-10 01:01:19,154 [INFO]   2023: 4,043
2026-06-10 01:01:19,154 [INFO]   2024: 2,073
2026-06-10 01:01:19,154 [INFO]   2025: 1,864
2026-06-10 01:01:19,154 [INFO]   2026: 236
2026-06-10 01:01:19,155 [INFO] Tudo pronto! Banco disponível para as etapas seguintes.
2026-06-10 01:04:33,780 [INFO] === ETAPA 1 — Setup do banco Zika SINAN ===
2026-06-10 01:04:33,799 [INFO] Conexão estabelecida.
2026-06-10 01:04:33,800 [INFO] Executando schema.sql...
2026-06-10 01:04:33,803 [INFO] schema.sql concluído.
2026-06-10 01:04:33,803 [INFO] Lendo CSV (ZIKA_BR_2018_2026_UNIFICADO.csv)...
2026-06-10 01:04:35,239 [INFO] Total de registros no CSV: 236,398
2026-06-10 01:04:42,737 [INFO] Carregando em lotes de 5,000...
2026-06-10 01:12:44,171 [INFO] ==================================================
2026-06-10 01:12:44,171 [INFO] Carga concluída!
2026-06-10 01:12:44,171 [INFO]   Inseridos : 236,398
2026-06-10 01:12:44,171 [INFO]   Erros     : 0
2026-06-10 01:12:44,171 [INFO]   Total CSV : 236,398
2026-06-10 01:12:44,171 [INFO] ==================================================
2026-06-10 01:12:44,273 [INFO] Executando indices.sql...
2026-06-10 01:12:44,275 [INFO] indices.sql concluído.
2026-06-10 01:12:44,275 [INFO] Verificando carga...
2026-06-10 01:12:44,302 [INFO] Total na tabela   : 236,398
2026-06-10 01:12:44,302 [INFO] Casos confirmados : 28,328
2026-06-10 01:12:44,302 [INFO] Confirmados por ano:
2026-06-10 01:12:44,302 [INFO]   2018: 4,399
2026-06-10 01:12:44,302 [INFO]   2019: 4,307
2026-06-10 01:12:44,302 [INFO]   2020: 3,382
2026-06-10 01:12:44,303 [INFO]   2021: 4,498
2026-06-10 01:12:44,303 [INFO]   2022: 3,526
2026-06-10 01:12:44,303 [INFO]   2023: 4,043
2026-06-10 01:12:44,303 [INFO]   2024: 2,073
2026-06-10 01:12:44,303 [INFO]   2025: 1,864
2026-06-10 01:12:44,303 [INFO]   2026: 236
2026-06-10 01:12:44,303 [INFO] Tudo pronto! Banco disponível para as etapas seguintes.
2026-06-10 22:57:09,493 [INFO] === ETAPA 1 — Setup do banco Zika SINAN ===
2026-06-10 22:57:09,532 [INFO] Conexão estabelecida.
2026-06-10 22:57:09,533 [INFO] Executando schema.sql...
2026-06-10 22:57:35,415 [INFO] === ETAPA 1 — Setup do banco Zika SINAN ===
2026-06-10 22:57:35,451 [INFO] Conexão estabelecida.
2026-06-10 22:57:35,451 [INFO] Executando schema.sql...
2026-06-10 22:57:35,583 [INFO] schema.sql concluído.
2026-06-10 22:57:35,583 [INFO] Lendo CSV (ZIKA_BR_2018_2026_UNIFICADO.csv)...
2026-06-10 22:57:36,324 [INFO] Total de registros no CSV: 236,398
2026-06-10 22:57:40,523 [INFO] Carregando em lotes de 5,000...
2026-06-10 23:04:18,816 [INFO] ==================================================
2026-06-10 23:04:18,816 [INFO] Carga concluída!
2026-06-10 23:04:18,816 [INFO]   Inseridos : 236,398
2026-06-10 23:04:18,816 [INFO]   Erros     : 0
2026-06-10 23:04:18,817 [INFO]   Total CSV : 236,398
2026-06-10 23:04:18,817 [INFO] ==================================================
2026-06-10 23:04:19,004 [INFO] Executando indices.sql...
2026-06-10 23:04:20,520 [INFO] indices.sql concluído.
2026-06-10 23:04:20,520 [INFO] Verificando carga...
2026-06-10 23:04:20,597 [INFO] Total na tabela   : 236,398
2026-06-10 23:04:20,597 [INFO] Casos confirmados : 28,328
2026-06-10 23:04:20,597 [INFO] Confirmados por ano:
2026-06-10 23:04:20,597 [INFO]   2018: 4,399
2026-06-10 23:04:20,598 [INFO]   2019: 4,307
2026-06-10 23:04:20,598 [INFO]   2020: 3,382
2026-06-10 23:04:20,598 [INFO]   2021: 4,498
2026-06-10 23:04:20,598 [INFO]   2022: 3,526
2026-06-10 23:04:20,598 [INFO]   2023: 4,043
2026-06-10 23:04:20,598 [INFO]   2024: 2,073
2026-06-10 23:04:20,599 [INFO]   2025: 1,864
2026-06-10 23:04:20,599 [INFO]   2026: 236
2026-06-10 23:04:20,600 [INFO] Tudo pronto! Banco disponível para as etapas seguintes.
2026-06-10 23:05:46,696 [INFO] === ETAPA 1 — Setup do banco Zika SINAN ===
2026-06-10 23:05:46,844 [INFO] Conexão estabelecida.
2026-06-10 23:05:46,844 [INFO] Executando schema.sql...
2026-06-10 23:05:46,861 [INFO] schema.sql concluído.
2026-06-10 23:05:46,861 [INFO] Lendo CSV (ZIKA_BR_2018_2026_UNIFICADO.csv)...
2026-06-10 23:05:47,629 [INFO] Total de registros no CSV: 236,398
2026-06-10 23:05:53,314 [INFO] Carregando em lotes de 5,000...
2026-06-10 23:14:47,631 [INFO] ==================================================
2026-06-10 23:14:47,632 [INFO] Carga concluída!
2026-06-10 23:14:47,632 [INFO]   Inseridos : 236,398
2026-06-10 23:14:47,632 [INFO]   Erros     : 0
2026-06-10 23:14:47,632 [INFO]   Total CSV : 236,398
2026-06-10 23:14:47,633 [INFO] ==================================================
2026-06-10 23:14:47,857 [INFO] Executando indices.sql...
2026-06-10 23:14:47,859 [INFO] indices.sql concluído.
2026-06-10 23:14:47,859 [INFO] Verificando carga...
2026-06-10 23:14:47,915 [INFO] Total na tabela   : 236,398
2026-06-10 23:14:47,915 [INFO] Casos confirmados : 28,328
2026-06-10 23:14:47,915 [INFO] Confirmados por ano:
2026-06-10 23:14:47,915 [INFO]   2018: 4,399
2026-06-10 23:14:47,915 [INFO]   2019: 4,307
2026-06-10 23:14:47,916 [INFO]   2020: 3,382
2026-06-10 23:14:47,916 [INFO]   2021: 4,498
2026-06-10 23:14:47,916 [INFO]   2022: 3,526
2026-06-10 23:14:47,916 [INFO]   2023: 4,043
2026-06-10 23:14:47,916 [INFO]   2024: 2,073
2026-06-10 23:14:47,917 [INFO]   2025: 1,864
2026-06-10 23:14:47,917 [INFO]   2026: 236
2026-06-10 23:14:47,917 [INFO] Tudo pronto! Banco disponível para as etapas seguintes.
2026-06-11 09:23:39,181 [INFO] === ETAPA 1 — Setup do banco Zika SINAN ===
2026-06-11 09:23:39,232 [INFO] Conexão estabelecida.
2026-06-11 09:23:39,232 [INFO] Executando schema.sql...
2026-06-11 09:23:39,298 [INFO] schema.sql concluído.
2026-06-11 09:23:39,299 [INFO] Lendo CSV (ZIKA_BR_2018_2026_UNIFICADO.csv)...
2026-06-11 09:23:40,667 [INFO] Total de registros no CSV: 236,398
2026-06-11 09:23:49,401 [INFO] Carregando em lotes de 5,000...
2026-06-11 09:30:39,210 [INFO] ==================================================
2026-06-11 09:30:39,211 [INFO] Carga concluída!
2026-06-11 09:30:39,211 [INFO]   Inseridos : 236,398
2026-06-11 09:30:39,211 [INFO]   Erros     : 0
2026-06-11 09:30:39,211 [INFO]   Total CSV : 236,398
2026-06-11 09:30:39,212 [INFO] ==================================================
2026-06-11 09:30:39,573 [INFO] Executando indices.sql...
2026-06-11 09:30:39,720 [INFO] indices.sql concluído.
2026-06-11 09:30:39,722 [INFO] Verificando carga...
2026-06-11 09:30:39,863 [INFO] Total na tabela   : 236,398
2026-06-11 09:30:39,863 [INFO] Casos confirmados : 28,328
2026-06-11 09:30:39,864 [INFO] Confirmados por ano:
2026-06-11 09:30:39,864 [INFO]   2018: 4,399
2026-06-11 09:30:39,865 [INFO]   2019: 4,307
2026-06-11 09:30:39,865 [INFO]   2020: 3,382
2026-06-11 09:30:39,865 [INFO]   2021: 4,498
2026-06-11 09:30:39,866 [INFO]   2022: 3,526
2026-06-11 09:30:39,866 [INFO]   2023: 4,043
2026-06-11 09:30:39,867 [INFO]   2024: 2,073
2026-06-11 09:30:39,867 [INFO]   2025: 1,864
2026-06-11 09:30:39,867 [INFO]   2026: 236
2026-06-11 09:30:39,868 [INFO] Tudo pronto! Banco disponível para as etapas seguintes.
